../Drivers/User/Src/lcd_spi_169.c:26:7:LCD_WriteCommand	16	static
../Drivers/User/Src/lcd_spi_169.c:41:7:LCD_WriteData_8bit	16	static
../Drivers/User/Src/lcd_spi_169.c:48:7:LCD_WriteData_16bit	16	static
../Drivers/User/Src/lcd_spi_169.c:56:7:LCD_WriteBuff	24	static
../Drivers/User/Src/lcd_spi_169.c:88:6:SPI_LCD_Init	8	static
../Drivers/User/Src/lcd_spi_169.c:193:6:LCD_SetAddress	24	static
../Drivers/User/Src/lcd_spi_169.c:211:6:LCD_SetColor	24	static
../Drivers/User/Src/lcd_spi_169.c:222:6:LCD_SetBackColor	24	static
../Drivers/User/Src/lcd_spi_169.c:233:6:LCD_SetDirection	16	static
../Drivers/User/Src/lcd_spi_169.c:280:6:LCD_SetAsciiFont	16	static
../Drivers/User/Src/lcd_spi_169.c:286:6:LCD_Clear	16	static
../Drivers/User/Src/lcd_spi_169.c:313:6:LCD_ClearRect	32	static
../Drivers/User/Src/lcd_spi_169.c:340:6:LCD_DrawPoint	16	static
../Drivers/User/Src/lcd_spi_169.c:353:6:LCD_DisplayChar	40	static
../Drivers/User/Src/lcd_spi_169.c:390:6:LCD_DisplayString	16	static
../Drivers/User/Src/lcd_spi_169.c:400:6:LCD_SetTextFont	16	static
../Drivers/User/Src/lcd_spi_169.c:413:6:LCD_DisplayChinese	40	static
../Drivers/User/Src/lcd_spi_169.c:462:6:LCD_DisplayText	16	static
../Drivers/User/Src/lcd_spi_169.c:484:6:LCD_ShowNumMode	16	static
../Drivers/User/Src/lcd_spi_169.c:490:7:LCD_DisplayNumber	40	static
../Drivers/User/Src/lcd_spi_169.c:507:7:LCD_DisplayDecimals	64	static
../Drivers/User/Src/lcd_spi_169.c:526:6:LCD_DrawLine	56	static
../Drivers/User/Src/lcd_spi_169.c:592:6:LCD_DrawLine_V	24	static
../Drivers/User/Src/lcd_spi_169.c:606:6:LCD_DrawLine_H	24	static
../Drivers/User/Src/lcd_spi_169.c:620:6:LCD_DrawRect	24	static
../Drivers/User/Src/lcd_spi_169.c:634:6:LCD_DrawCircle	32	static
../Drivers/User/Src/lcd_spi_169.c:655:6:LCD_DrawEllipse	64	static
../Drivers/User/Src/lcd_spi_169.c:706:6:LCD_FillCircle	32	static
../Drivers/User/Src/lcd_spi_169.c:761:6:LCD_FillRect	32	static
../Drivers/User/Src/lcd_spi_169.c:788:7:LCD_DrawImage	40	static
../Drivers/User/Src/lcd_spi_169.c:845:6:LCD_Test_Clear	16	static
